// Jest Snapshot v1, https://goo.gl/fbAQLP

exports[`SearchPage renders correctly 1`] = `
<SearchTemplate>
  <SEO
    description="Find articles by topic or title"
    keywords={
      Array [
        "search",
      ]
    }
    lang="en"
    meta={Array []}
    slug="/search"
    title="Search"
  />
  <Header />
  <SearchResults
    articles={Array []}
    content={
      Object {
        "emptyState": Object {
          "cta": "Pick a trending topic",
          "paragraph": Array [
            "Our best detectives could not find any result for your query...",
            "Try again or check one of our coolest topics!",
          ],
          "title": "Aw snap! ðŸ˜­",
        },
        "placeholder": "Start Typing",
        "seo": Object {
          "description": "Find articles by topic or title",
          "keywords": Array [
            "search",
          ],
          "title": "Search",
        },
        "shared": Object {
          "disclaimer": Object {
            "actionLabel": "Contribute",
            "dismissLabel": "Dismiss",
            "text": "This blog is meant to target mobile devices, but contributions for a desktop version are welcomed",
          },
          "readingTime": "min read",
        },
        "subTitle": "Trending Topics",
      }
    }
    performSearch={[Function]}
    searchQuery="foo"
    setSearchQuery={[Function]}
  />
  <Results
    content={
      Object {
        "emptyState": Object {
          "cta": "Pick a trending topic",
          "paragraph": Array [
            "Our best detectives could not find any result for your query...",
            "Try again or check one of our coolest topics!",
          ],
          "title": "Aw snap! ðŸ˜­",
        },
        "placeholder": "Start Typing",
        "seo": Object {
          "description": "Find articles by topic or title",
          "keywords": Array [
            "search",
          ],
          "title": "Search",
        },
        "shared": Object {
          "disclaimer": Object {
            "actionLabel": "Contribute",
            "dismissLabel": "Dismiss",
            "text": "This blog is meant to target mobile devices, but contributions for a desktop version are welcomed",
          },
          "readingTime": "min read",
        },
        "subTitle": "Trending Topics",
      }
    }
    searchResults={null}
    trendingTopics={Array []}
  />
</SearchTemplate>
`;
