// Jest Snapshot v1, https://goo.gl/fbAQLP

exports[`Icon renders correctly 1`] = `
<styled.i
  className="fswb-icon"
/>
`;
