// Jest Snapshot v1, https://goo.gl/fbAQLP

exports[`Toaster renders correctly 1`] = `
<Portal
  containerInfo={<body />}
>
  <styled.div>
    <Component />
  </styled.div>
</Portal>
`;
